[Macro{hold=[17], switches=[Switch{numkey=2, keys=[Key{key=77, count=1}, Key{key=10, count=1}, Key{key=38, count=2}, Key{key=10, count=1}, Key{key=40, count=4}]}]}]